// Jest Snapshot v1, https://goo.gl/fbAQLP

exports[`builds a default query 1`] = `
Object {
  "_source": Array [
    "path",
    "url",
    "mime_type",
    "attachments",
    "filename",
    "word-count",
    "date",
    "date-created",
  ],
  "aggs": Object {
    "date": Object {
      "aggs": Object {
        "count": Object {
          "cardinality": Object {
            "field": "date",
          },
        },
        "values": Object {
          "date_histogram": Object {
            "field": "date",
            "interval": "year",
          },
        },
      },
      "filter": Object {
        "bool": Object {},
      },
    },
    "date-created": Object {
      "aggs": Object {
        "count": Object {
          "cardinality": Object {
            "field": "date-created",
          },
        },
        "values": Object {
          "date_histogram": Object {
            "field": "date-created",
            "interval": "year",
          },
        },
      },
      "filter": Object {
        "bool": Object {},
      },
    },
    "email-domains": Object {
      "aggs": Object {
        "count": Object {
          "cardinality": Object {
            "field": "email-domains",
          },
        },
        "values": Object {
          "terms": Object {
            "field": "email-domains",
            "size": 10,
          },
        },
      },
      "filter": Object {
        "bool": Object {},
      },
    },
    "filetype": Object {
      "aggs": Object {
        "count": Object {
          "cardinality": Object {
            "field": "filetype",
          },
        },
        "values": Object {
          "terms": Object {
            "field": "filetype",
            "size": 10,
          },
        },
      },
      "filter": Object {
        "bool": Object {},
      },
    },
    "lang": Object {
      "aggs": Object {
        "count": Object {
          "cardinality": Object {
            "field": "lang",
          },
        },
        "values": Object {
          "terms": Object {
            "field": "lang",
            "size": 10,
          },
        },
      },
      "filter": Object {
        "bool": Object {},
      },
    },
  },
  "collections": Array [],
  "from": 0,
  "highlight": Object {
    "fields": Object {
      "*": Object {
        "fragment_size": 150,
        "number_of_fragments": 3,
        "post_tags": Array [
          "</mark>",
        ],
        "pre_tags": Array [
          "<mark>",
        ],
        "require_field_match": false,
      },
    },
  },
  "post_filter": Object {
    "bool": Object {},
  },
  "query": Object {
    "query_string": Object {
      "default_operator": "AND",
      "query": "*",
    },
  },
  "size": 0,
  "sort": Array [],
}
`;
